2026-07-10 10:12:22: (node:19484) DeprecationWarning: Calling client.query() when the client is already executing a query is deprecated and will be removed in pg@9.0. Use async/await or an external async flow control mechanism instead.
2026-07-10 10:12:22: (Use `node --trace-deprecation ...` to show where the warning was created)
2026-07-10 10:16:59: ExpressSlowDownWarning: The behaviour of the 'delayMs' option was changed in express-slow-down v2:
2026-07-10 10:16:59: - For the old behavior, change the delayMs option to:
2026-07-10 10:16:59: 
2026-07-10 10:16:59:   delayMs: (used, req) => {
2026-07-10 10:16:59: 	  const delayAfter = req.slowDown.limit;
2026-07-10 10:16:59: 	  return (used - delayAfter) * 500;
2026-07-10 10:16:59:   },
2026-07-10 10:16:59: 
2026-07-10 10:16:59: - For the new behavior, change the delayMs option to:
2026-07-10 10:16:59: 
2026-07-10 10:16:59: 	delayMs: () => 500,
2026-07-10 10:16:59: 
2026-07-10 10:16:59: Or set 'options.validate: {delayMs: false}' to disable this message. See https://express-rate-limit.github.io/WRN_ESD_DELAYMS/ for more information.
2026-07-10 10:16:59:     at slowDown (d:\luxe\api\node_modules\express-slow-down\dist\index.cjs:74:18)
2026-07-10 10:16:59:     at Object.<anonymous> (d:\luxe\api\server.js:46:22)
2026-07-10 10:16:59:     at Module._compile (node:internal/modules/cjs/loader:1854:14)
2026-07-10 10:16:59:     at Object..js (node:internal/modules/cjs/loader:1985:10)
2026-07-10 10:16:59:     at Module.load (node:internal/modules/cjs/loader:1577:32)
2026-07-10 10:16:59:     at Module._load (node:internal/modules/cjs/loader:1379:12)
2026-07-10 10:16:59:     at Object.<anonymous> (C:\Users\ADMIN\AppData\Roaming\npm\node_modules\pm2\lib\ProcessContainerFork.js:32:23)
2026-07-10 10:16:59:     at Module._compile (node:internal/modules/cjs/loader:1854:14)
2026-07-10 10:16:59:     at Object..js (node:internal/modules/cjs/loader:1985:10)
2026-07-10 10:16:59:     at Module.load (node:internal/modules/cjs/loader:1577:32) {
2026-07-10 10:16:59:   code: 'WRN_ESD_DELAYMS',
2026-07-10 10:16:59:   help: 'https://express-rate-limit.github.io/WRN_ESD_DELAYMS/'
2026-07-10 10:16:59: }
2026-07-10 10:23:42: (node:6680) DeprecationWarning: Calling client.query() when the client is already executing a query is deprecated and will be removed in pg@9.0. Use async/await or an external async flow control mechanism instead.
2026-07-10 10:23:42: (Use `node --trace-deprecation ...` to show where the warning was created)
2026-07-10 19:25:58: ExpressSlowDownWarning: The behaviour of the 'delayMs' option was changed in express-slow-down v2:
2026-07-10 19:25:58: - For the old behavior, change the delayMs option to:
2026-07-10 19:25:58: 
2026-07-10 19:25:58:   delayMs: (used, req) => {
2026-07-10 19:25:58: 	  const delayAfter = req.slowDown.limit;
2026-07-10 19:25:58: 	  return (used - delayAfter) * 500;
2026-07-10 19:25:58:   },
2026-07-10 19:25:58: 
2026-07-10 19:25:58: - For the new behavior, change the delayMs option to:
2026-07-10 19:25:58: 
2026-07-10 19:25:58: 	delayMs: () => 500,
2026-07-10 19:25:58: 
2026-07-10 19:25:58: Or set 'options.validate: {delayMs: false}' to disable this message. See https://express-rate-limit.github.io/WRN_ESD_DELAYMS/ for more information.
2026-07-10 19:25:58:     at slowDown (d:\luxe\api\node_modules\express-slow-down\dist\index.cjs:74:18)
2026-07-10 19:25:58:     at Object.<anonymous> (d:\luxe\api\server.js:46:22)
2026-07-10 19:25:58:     at Module._compile (node:internal/modules/cjs/loader:1854:14)
2026-07-10 19:25:58:     at Object..js (node:internal/modules/cjs/loader:1985:10)
2026-07-10 19:25:58:     at Module.load (node:internal/modules/cjs/loader:1577:32)
2026-07-10 19:25:58:     at Module._load (node:internal/modules/cjs/loader:1379:12)
2026-07-10 19:25:58:     at Object.<anonymous> (C:\Users\ADMIN\AppData\Roaming\npm\node_modules\pm2\lib\ProcessContainerFork.js:32:23)
2026-07-10 19:25:58:     at Module._compile (node:internal/modules/cjs/loader:1854:14)
2026-07-10 19:25:58:     at Object..js (node:internal/modules/cjs/loader:1985:10)
2026-07-10 19:25:58:     at Module.load (node:internal/modules/cjs/loader:1577:32) {
2026-07-10 19:25:58:   code: 'WRN_ESD_DELAYMS',
2026-07-10 19:25:58:   help: 'https://express-rate-limit.github.io/WRN_ESD_DELAYMS/'
2026-07-10 19:25:58: }
